---
source: frontend/tests/reference_algorithms.rs
expression: decls
---
[
    (
        Fn {
            name: "teleport",
            params: [
                (
                    "msg",
                    (
                        Qubit,
                        0..0,
                    ),
                ),
                (
                    "alice",
                    (
                        Qubit,
                        0..0,
                    ),
                ),
                (
                    "bob",
                    (
                        Qubit,
                        0..0,
                    ),
                ),
            ],
            ret: (
                Q(
                    (
                        Qubit,
                        0..0,
                    ),
                ),
                0..0,
            ),
            body: (
                RunBlock(
                    [
                        (
                            Bind {
                                pat: (
                                    Tuple(
                                        [
                                            (
                                                Var(
                                                    "a",
                                                ),
                                                0..0,
                                            ),
                                            (
                                                Var(
                                                    "b",
                                                ),
                                                0..0,
                                            ),
                                        ],
                                    ),
                                    0..0,
                                ),
                                rhs: (
                                    GateApp {
                                        gate: (
                                            App(
                                                (
                                                    Var(
                                                        "bell_state",
                                                    ),
                                                    0..0,
                                                ),
                                                (
                                                    Unit,
                                                    0..0,
                                                ),
                                            ),
                                            0..0,
                                        ),
                                        qubits: (
                                            Tuple(
                                                [
                                                    (
                                                        Var(
                                                            "alice",
                                                        ),
                                                        0..0,
                                                    ),
                                                    (
                                                        Var(
                                                            "bob",
                                                        ),
                                                        0..0,
                                                    ),
                                                ],
                                            ),
                                            0..0,
                                        ),
                                    },
                                    0..0,
                                ),
                            },
                            0..0,
                        ),
                        (
                            Bind {
                                pat: (
                                    Tuple(
                                        [
                                            (
                                                Var(
                                                    "m2",
                                                ),
                                                0..0,
                                            ),
                                            (
                                                Var(
                                                    "a2",
                                                ),
                                                0..0,
                                            ),
                                        ],
                                    ),
                                    0..0,
                                ),
                                rhs: (
                                    GateApp {
                                        gate: (
                                            Adjoint(
                                                (
                                                    App(
                                                        (
                                                            Var(
                                                                "bell_state",
                                                            ),
                                                            0..0,
                                                        ),
                                                        (
                                                            Unit,
                                                            0..0,
                                                        ),
                                                    ),
                                                    0..0,
                                                ),
                                            ),
                                            0..0,
                                        ),
                                        qubits: (
                                            Tuple(
                                                [
                                                    (
                                                        Var(
                                                            "msg",
                                                        ),
                                                        0..0,
                                                    ),
                                                    (
                                                        Var(
                                                            "a",
                                                        ),
                                                        0..0,
                                                    ),
                                                ],
                                            ),
                                            0..0,
                                        ),
                                    },
                                    0..0,
                                ),
                            },
                            0..0,
                        ),
                        (
                            Bind {
                                pat: (
                                    Var(
                                        "x_bit",
                                    ),
                                    0..0,
                                ),
                                rhs: (
                                    App(
                                        (
                                            Var(
                                                "measure",
                                            ),
                                            0..0,
                                        ),
                                        (
                                            Var(
                                                "m2",
                                            ),
                                            0..0,
                                        ),
                                    ),
                                    0..0,
                                ),
                            },
                            0..0,
                        ),
                        (
                            Bind {
                                pat: (
                                    Var(
                                        "z_bit",
                                    ),
                                    0..0,
                                ),
                                rhs: (
                                    App(
                                        (
                                            Var(
                                                "measure",
                                            ),
                                            0..0,
                                        ),
                                        (
                                            Var(
                                                "a2",
                                            ),
                                            0..0,
                                        ),
                                    ),
                                    0..0,
                                ),
                            },
                            0..0,
                        ),
                        (
                            Let {
                                pat: (
                                    Var(
                                        "b2",
                                    ),
                                    0..0,
                                ),
                                rhs: (
                                    GateApp {
                                        gate: (
                                            If {
                                                cond: (
                                                    Var(
                                                        "x_bit",
                                                    ),
                                                    0..0,
                                                ),
                                                then: (
                                                    Var(
                                                        "X",
                                                    ),
                                                    0..0,
                                                ),
                                                else_: (
                                                    App(
                                                        (
                                                            Var(
                                                                "identity",
                                                            ),
                                                            0..0,
                                                        ),
                                                        (
                                                            Int(
                                                                1,
                                                            ),
                                                            0..0,
                                                        ),
                                                    ),
                                                    0..0,
                                                ),
                                            },
                                            0..0,
                                        ),
                                        qubits: (
                                            Var(
                                                "b",
                                            ),
                                            0..0,
                                        ),
                                    },
                                    0..0,
                                ),
                            },
                            0..0,
                        ),
                        (
                            Let {
                                pat: (
                                    Var(
                                        "b3",
                                    ),
                                    0..0,
                                ),
                                rhs: (
                                    GateApp {
                                        gate: (
                                            If {
                                                cond: (
                                                    Var(
                                                        "z_bit",
                                                    ),
                                                    0..0,
                                                ),
                                                then: (
                                                    Var(
                                                        "Z",
                                                    ),
                                                    0..0,
                                                ),
                                                else_: (
                                                    App(
                                                        (
                                                            Var(
                                                                "identity",
                                                            ),
                                                            0..0,
                                                        ),
                                                        (
                                                            Int(
                                                                1,
                                                            ),
                                                            0..0,
                                                        ),
                                                    ),
                                                    0..0,
                                                ),
                                            },
                                            0..0,
                                        ),
                                        qubits: (
                                            Var(
                                                "b2",
                                            ),
                                            0..0,
                                        ),
                                    },
                                    0..0,
                                ),
                            },
                            0..0,
                        ),
                        (
                            Expr(
                                (
                                    Return(
                                        (
                                            Var(
                                                "b3",
                                            ),
                                            0..0,
                                        ),
                                    ),
                                    0..0,
                                ),
                            ),
                            0..0,
                        ),
                    ],
                ),
                0..0,
            ),
        },
        0..0,
    ),
]
