---
source: frontend/tests/reference_algorithms.rs
expression: decls
---
[
    (
        Fn {
            name: "zz_layer",
            params: [
                (
                    "n",
                    (
                        Nat,
                        0..0,
                    ),
                ),
                (
                    "j",
                    (
                        Float,
                        0..0,
                    ),
                ),
                (
                    "tau",
                    (
                        Float,
                        0..0,
                    ),
                ),
            ],
            ret: (
                Circuit {
                    n: (
                        Var(
                            "n",
                        ),
                        0..0,
                    ),
                    m: (
                        Var(
                            "n",
                        ),
                        0..0,
                    ),
                    d: (
                        Sub(
                            (
                                Var(
                                    "n",
                                ),
                                0..0,
                            ),
                            (
                                Lit(
                                    1,
                                ),
                                0..0,
                            ),
                        ),
                        0..0,
                    ),
                    c: Universal,
                },
                0..0,
            ),
            body: (
                CircuitBlock(
                    [
                        (
                            Expr(
                                (
                                    For {
                                        pat: (
                                            Var(
                                                "i",
                                            ),
                                            0..0,
                                        ),
                                        iter: (
                                            App(
                                                (
                                                    Var(
                                                        "range",
                                                    ),
                                                    0..0,
                                                ),
                                                (
                                                    BinOp {
                                                        op: Sub,
                                                        lhs: (
                                                            Var(
                                                                "n",
                                                            ),
                                                            0..0,
                                                        ),
                                                        rhs: (
                                                            Int(
                                                                1,
                                                            ),
                                                            0..0,
                                                        ),
                                                    },
                                                    0..0,
                                                ),
                                            ),
                                            0..0,
                                        ),
                                        body: (
                                            GateApp {
                                                gate: (
                                                    App(
                                                        (
                                                            Var(
                                                                "Rzz",
                                                            ),
                                                            0..0,
                                                        ),
                                                        (
                                                            BinOp {
                                                                op: Mul,
                                                                lhs: (
                                                                    BinOp {
                                                                        op: Mul,
                                                                        lhs: (
                                                                            Neg(
                                                                                (
                                                                                    Float(
                                                                                        2.0,
                                                                                    ),
                                                                                    0..0,
                                                                                ),
                                                                            ),
                                                                            0..0,
                                                                        ),
                                                                        rhs: (
                                                                            Var(
                                                                                "j",
                                                                            ),
                                                                            0..0,
                                                                        ),
                                                                    },
                                                                    0..0,
                                                                ),
                                                                rhs: (
                                                                    Var(
                                                                        "tau",
                                                                    ),
                                                                    0..0,
                                                                ),
                                                            },
                                                            0..0,
                                                        ),
                                                    ),
                                                    0..0,
                                                ),
                                                qubits: (
                                                    Tuple(
                                                        [
                                                            (
                                                                Var(
                                                                    "i",
                                                                ),
                                                                0..0,
                                                            ),
                                                            (
                                                                BinOp {
                                                                    op: Add,
                                                                    lhs: (
                                                                        Var(
                                                                            "i",
                                                                        ),
                                                                        0..0,
                                                                    ),
                                                                    rhs: (
                                                                        Int(
                                                                            1,
                                                                        ),
                                                                        0..0,
                                                                    ),
                                                                },
                                                                0..0,
                                                            ),
                                                        ],
                                                    ),
                                                    0..0,
                                                ),
                                            },
                                            0..0,
                                        ),
                                    },
                                    0..0,
                                ),
                            ),
                            0..0,
                        ),
                    ],
                ),
                0..0,
            ),
        },
        0..0,
    ),
    (
        Fn {
            name: "x_layer",
            params: [
                (
                    "n",
                    (
                        Nat,
                        0..0,
                    ),
                ),
                (
                    "h",
                    (
                        Float,
                        0..0,
                    ),
                ),
                (
                    "tau",
                    (
                        Float,
                        0..0,
                    ),
                ),
            ],
            ret: (
                Circuit {
                    n: (
                        Var(
                            "n",
                        ),
                        0..0,
                    ),
                    m: (
                        Var(
                            "n",
                        ),
                        0..0,
                    ),
                    d: (
                        Lit(
                            1,
                        ),
                        0..0,
                    ),
                    c: Universal,
                },
                0..0,
            ),
            body: (
                CircuitBlock(
                    [
                        (
                            Expr(
                                (
                                    For {
                                        pat: (
                                            Var(
                                                "q",
                                            ),
                                            0..0,
                                        ),
                                        iter: (
                                            App(
                                                (
                                                    Var(
                                                        "qubits",
                                                    ),
                                                    0..0,
                                                ),
                                                (
                                                    Var(
                                                        "n",
                                                    ),
                                                    0..0,
                                                ),
                                            ),
                                            0..0,
                                        ),
                                        body: (
                                            App(
                                                (
                                                    App(
                                                        (
                                                            Var(
                                                                "Rx",
                                                            ),
                                                            0..0,
                                                        ),
                                                        (
                                                            BinOp {
                                                                op: Mul,
                                                                lhs: (
                                                                    BinOp {
                                                                        op: Mul,
                                                                        lhs: (
                                                                            Neg(
                                                                                (
                                                                                    Float(
                                                                                        2.0,
                                                                                    ),
                                                                                    0..0,
                                                                                ),
                                                                            ),
                                                                            0..0,
                                                                        ),
                                                                        rhs: (
                                                                            Var(
                                                                                "h",
                                                                            ),
                                                                            0..0,
                                                                        ),
                                                                    },
                                                                    0..0,
                                                                ),
                                                                rhs: (
                                                                    Var(
                                                                        "tau",
                                                                    ),
                                                                    0..0,
                                                                ),
                                                            },
                                                            0..0,
                                                        ),
                                                    ),
                                                    0..0,
                                                ),
                                                (
                                                    Var(
                                                        "q",
                                                    ),
                                                    0..0,
                                                ),
                                            ),
                                            0..0,
                                        ),
                                    },
                                    0..0,
                                ),
                            ),
                            0..0,
                        ),
                    ],
                ),
                0..0,
            ),
        },
        0..0,
    ),
    (
        Fn {
            name: "trotter_step",
            params: [
                (
                    "n",
                    (
                        Nat,
                        0..0,
                    ),
                ),
                (
                    "j",
                    (
                        Float,
                        0..0,
                    ),
                ),
                (
                    "h",
                    (
                        Float,
                        0..0,
                    ),
                ),
                (
                    "tau",
                    (
                        Float,
                        0..0,
                    ),
                ),
            ],
            ret: (
                Circuit {
                    n: (
                        Var(
                            "n",
                        ),
                        0..0,
                    ),
                    m: (
                        Var(
                            "n",
                        ),
                        0..0,
                    ),
                    d: (
                        Var(
                            "n",
                        ),
                        0..0,
                    ),
                    c: Universal,
                },
                0..0,
            ),
            body: (
                CircuitBlock(
                    [
                        (
                            Expr(
                                (
                                    Compose(
                                        (
                                            App(
                                                (
                                                    App(
                                                        (
                                                            App(
                                                                (
                                                                    Var(
                                                                        "zz_layer",
                                                                    ),
                                                                    0..0,
                                                                ),
                                                                (
                                                                    Var(
                                                                        "n",
                                                                    ),
                                                                    0..0,
                                                                ),
                                                            ),
                                                            0..0,
                                                        ),
                                                        (
                                                            Var(
                                                                "j",
                                                            ),
                                                            0..0,
                                                        ),
                                                    ),
                                                    0..0,
                                                ),
                                                (
                                                    Var(
                                                        "tau",
                                                    ),
                                                    0..0,
                                                ),
                                            ),
                                            0..0,
                                        ),
                                        (
                                            App(
                                                (
                                                    App(
                                                        (
                                                            App(
                                                                (
                                                                    Var(
                                                                        "x_layer",
                                                                    ),
                                                                    0..0,
                                                                ),
                                                                (
                                                                    Var(
                                                                        "n",
                                                                    ),
                                                                    0..0,
                                                                ),
                                                            ),
                                                            0..0,
                                                        ),
                                                        (
                                                            Var(
                                                                "h",
                                                            ),
                                                            0..0,
                                                        ),
                                                    ),
                                                    0..0,
                                                ),
                                                (
                                                    Var(
                                                        "tau",
                                                    ),
                                                    0..0,
                                                ),
                                            ),
                                            0..0,
                                        ),
                                    ),
                                    0..0,
                                ),
                            ),
                            0..0,
                        ),
                    ],
                ),
                0..0,
            ),
        },
        0..0,
    ),
    (
        Fn {
            name: "ising_evolve",
            params: [
                (
                    "n",
                    (
                        Nat,
                        0..0,
                    ),
                ),
                (
                    "j",
                    (
                        Float,
                        0..0,
                    ),
                ),
                (
                    "h",
                    (
                        Float,
                        0..0,
                    ),
                ),
                (
                    "t",
                    (
                        Float,
                        0..0,
                    ),
                ),
                (
                    "n_steps",
                    (
                        Int,
                        0..0,
                    ),
                ),
            ],
            ret: (
                Circuit {
                    n: (
                        Var(
                            "n",
                        ),
                        0..0,
                    ),
                    m: (
                        Var(
                            "n",
                        ),
                        0..0,
                    ),
                    d: (
                        Mul(
                            (
                                Var(
                                    "n_steps",
                                ),
                                0..0,
                            ),
                            (
                                Var(
                                    "n",
                                ),
                                0..0,
                            ),
                        ),
                        0..0,
                    ),
                    c: Universal,
                },
                0..0,
            ),
            body: (
                Let {
                    pat: (
                        Var(
                            "tau",
                        ),
                        0..0,
                    ),
                    rhs: (
                        BinOp {
                            op: Div,
                            lhs: (
                                Var(
                                    "t",
                                ),
                                0..0,
                            ),
                            rhs: (
                                App(
                                    (
                                        Var(
                                            "float",
                                        ),
                                        0..0,
                                    ),
                                    (
                                        Var(
                                            "n_steps",
                                        ),
                                        0..0,
                                    ),
                                ),
                                0..0,
                            ),
                        },
                        0..0,
                    ),
                    body: (
                        App(
                            (
                                App(
                                    (
                                        App(
                                            (
                                                Var(
                                                    "fold",
                                                ),
                                                0..0,
                                            ),
                                            (
                                                App(
                                                    (
                                                        Var(
                                                            "range",
                                                        ),
                                                        0..0,
                                                    ),
                                                    (
                                                        Var(
                                                            "n_steps",
                                                        ),
                                                        0..0,
                                                    ),
                                                ),
                                                0..0,
                                            ),
                                        ),
                                        0..0,
                                    ),
                                    (
                                        App(
                                            (
                                                Var(
                                                    "identity",
                                                ),
                                                0..0,
                                            ),
                                            (
                                                Var(
                                                    "n",
                                                ),
                                                0..0,
                                            ),
                                        ),
                                        0..0,
                                    ),
                                ),
                                0..0,
                            ),
                            (
                                Lam {
                                    params: [
                                        (
                                            (
                                                Var(
                                                    "acc",
                                                ),
                                                0..0,
                                            ),
                                            None,
                                        ),
                                        (
                                            (
                                                Wildcard,
                                                0..0,
                                            ),
                                            None,
                                        ),
                                    ],
                                    body: (
                                        Compose(
                                            (
                                                Var(
                                                    "acc",
                                                ),
                                                0..0,
                                            ),
                                            (
                                                App(
                                                    (
                                                        App(
                                                            (
                                                                App(
                                                                    (
                                                                        App(
                                                                            (
                                                                                Var(
                                                                                    "trotter_step",
                                                                                ),
                                                                                0..0,
                                                                            ),
                                                                            (
                                                                                Var(
                                                                                    "n",
                                                                                ),
                                                                                0..0,
                                                                            ),
                                                                        ),
                                                                        0..0,
                                                                    ),
                                                                    (
                                                                        Var(
                                                                            "j",
                                                                        ),
                                                                        0..0,
                                                                    ),
                                                                ),
                                                                0..0,
                                                            ),
                                                            (
                                                                Var(
                                                                    "h",
                                                                ),
                                                                0..0,
                                                            ),
                                                        ),
                                                        0..0,
                                                    ),
                                                    (
                                                        Var(
                                                            "tau",
                                                        ),
                                                        0..0,
                                                    ),
                                                ),
                                                0..0,
                                            ),
                                        ),
                                        0..0,
                                    ),
                                },
                                0..0,
                            ),
                        ),
                        0..0,
                    ),
                },
                0..0,
            ),
        },
        0..0,
    ),
    (
        Fn {
            name: "simulate_ising",
            params: [
                (
                    "n",
                    (
                        Nat,
                        0..0,
                    ),
                ),
                (
                    "j",
                    (
                        Float,
                        0..0,
                    ),
                ),
                (
                    "h",
                    (
                        Float,
                        0..0,
                    ),
                ),
                (
                    "t",
                    (
                        Float,
                        0..0,
                    ),
                ),
                (
                    "n_steps",
                    (
                        Int,
                        0..0,
                    ),
                ),
            ],
            ret: (
                Q(
                    (
                        List(
                            (
                                Bit,
                                0..0,
                            ),
                        ),
                        0..0,
                    ),
                ),
                0..0,
            ),
            body: (
                RunBlock(
                    [
                        (
                            Bind {
                                pat: (
                                    Var(
                                        "q",
                                    ),
                                    0..0,
                                ),
                                rhs: (
                                    GateApp {
                                        gate: (
                                            App(
                                                (
                                                    App(
                                                        (
                                                            App(
                                                                (
                                                                    App(
                                                                        (
                                                                            App(
                                                                                (
                                                                                    Var(
                                                                                        "ising_evolve",
                                                                                    ),
                                                                                    0..0,
                                                                                ),
                                                                                (
                                                                                    Var(
                                                                                        "n",
                                                                                    ),
                                                                                    0..0,
                                                                                ),
                                                                            ),
                                                                            0..0,
                                                                        ),
                                                                        (
                                                                            Var(
                                                                                "j",
                                                                            ),
                                                                            0..0,
                                                                        ),
                                                                    ),
                                                                    0..0,
                                                                ),
                                                                (
                                                                    Var(
                                                                        "h",
                                                                    ),
                                                                    0..0,
                                                                ),
                                                            ),
                                                            0..0,
                                                        ),
                                                        (
                                                            Var(
                                                                "t",
                                                            ),
                                                            0..0,
                                                        ),
                                                    ),
                                                    0..0,
                                                ),
                                                (
                                                    Var(
                                                        "n_steps",
                                                    ),
                                                    0..0,
                                                ),
                                            ),
                                            0..0,
                                        ),
                                        qubits: (
                                            App(
                                                (
                                                    Var(
                                                        "qreg",
                                                    ),
                                                    0..0,
                                                ),
                                                (
                                                    Var(
                                                        "n",
                                                    ),
                                                    0..0,
                                                ),
                                            ),
                                            0..0,
                                        ),
                                    },
                                    0..0,
                                ),
                            },
                            0..0,
                        ),
                        (
                            Expr(
                                (
                                    App(
                                        (
                                            Var(
                                                "measure_all",
                                            ),
                                            0..0,
                                        ),
                                        (
                                            Var(
                                                "q",
                                            ),
                                            0..0,
                                        ),
                                    ),
                                    0..0,
                                ),
                            ),
                            0..0,
                        ),
                    ],
                ),
                0..0,
            ),
        },
        0..0,
    ),
    (
        Fn {
            name: "ising_time_series",
            params: [
                (
                    "n",
                    (
                        Nat,
                        0..0,
                    ),
                ),
                (
                    "j",
                    (
                        Float,
                        0..0,
                    ),
                ),
                (
                    "h",
                    (
                        Float,
                        0..0,
                    ),
                ),
                (
                    "dt",
                    (
                        Float,
                        0..0,
                    ),
                ),
                (
                    "steps",
                    (
                        Int,
                        0..0,
                    ),
                ),
                (
                    "n_trott",
                    (
                        Int,
                        0..0,
                    ),
                ),
            ],
            ret: (
                Q(
                    (
                        List(
                            (
                                List(
                                    (
                                        Bit,
                                        0..0,
                                    ),
                                ),
                                0..0,
                            ),
                        ),
                        0..0,
                    ),
                ),
                0..0,
            ),
            body: (
                App(
                    (
                        App(
                            (
                                Var(
                                    "map_q",
                                ),
                                0..0,
                            ),
                            (
                                Lam {
                                    params: [
                                        (
                                            (
                                                Var(
                                                    "k",
                                                ),
                                                0..0,
                                            ),
                                            None,
                                        ),
                                    ],
                                    body: (
                                        App(
                                            (
                                                App(
                                                    (
                                                        App(
                                                            (
                                                                App(
                                                                    (
                                                                        App(
                                                                            (
                                                                                Var(
                                                                                    "simulate_ising",
                                                                                ),
                                                                                0..0,
                                                                            ),
                                                                            (
                                                                                Var(
                                                                                    "n",
                                                                                ),
                                                                                0..0,
                                                                            ),
                                                                        ),
                                                                        0..0,
                                                                    ),
                                                                    (
                                                                        Var(
                                                                            "j",
                                                                        ),
                                                                        0..0,
                                                                    ),
                                                                ),
                                                                0..0,
                                                            ),
                                                            (
                                                                Var(
                                                                    "h",
                                                                ),
                                                                0..0,
                                                            ),
                                                        ),
                                                        0..0,
                                                    ),
                                                    (
                                                        BinOp {
                                                            op: Mul,
                                                            lhs: (
                                                                App(
                                                                    (
                                                                        Var(
                                                                            "float",
                                                                        ),
                                                                        0..0,
                                                                    ),
                                                                    (
                                                                        Var(
                                                                            "k",
                                                                        ),
                                                                        0..0,
                                                                    ),
                                                                ),
                                                                0..0,
                                                            ),
                                                            rhs: (
                                                                Var(
                                                                    "dt",
                                                                ),
                                                                0..0,
                                                            ),
                                                        },
                                                        0..0,
                                                    ),
                                                ),
                                                0..0,
                                            ),
                                            (
                                                Var(
                                                    "n_trott",
                                                ),
                                                0..0,
                                            ),
                                        ),
                                        0..0,
                                    ),
                                },
                                0..0,
                            ),
                        ),
                        0..0,
                    ),
                    (
                        App(
                            (
                                Var(
                                    "range",
                                ),
                                0..0,
                            ),
                            (
                                BinOp {
                                    op: Add,
                                    lhs: (
                                        Var(
                                            "steps",
                                        ),
                                        0..0,
                                    ),
                                    rhs: (
                                        Int(
                                            1,
                                        ),
                                        0..0,
                                    ),
                                },
                                0..0,
                            ),
                        ),
                        0..0,
                    ),
                ),
                0..0,
            ),
        },
        0..0,
    ),
]
