---
source: frontend/tests/reference_algorithms.rs
expression: "frontend :: pretty :: pretty(& decls)"
---
fn encode(): Circuit<1, 3, 2, Clifford> = circuit {
    (CNOT @ (0, 1)) |> (CNOT @ (0, 2))
}

fn syndrome_measure(q: QReg<3>): Q<(QReg<3>, Bit, Bit)> = run {
    let (q0, q1, q2) = destructure(q)
    borrow a1: Qubit, a2: Qubit in {
    (q0a, a1b) <- ((CNOT @ (0, 0)) |> (CNOT @ (1, 0))) @ ((tensored(q0))(a1))
    (q1a, a2b) <- ((CNOT @ (1, 0)) |> (CNOT @ (2, 0))) @ ((tensored(q1))(a2))
    s1 <- measure(a1b)
    s2 <- measure(a2b)
    return ((tensored((tensored(q0a))(q1a)))(q2), s1, s2)
}
}

fn correct(q: QReg<3>, s1: Bit, s2: Bit): Q<QReg<3>> = run {
    return match (s1, s2) {
    (0, 0) => q,
    (1, 0) => (X @ 0) @ q,
    (1, 1) => (X @ 1) @ q,
    (0, 1) => (X @ 2) @ q
}
}

fn bit_flip_round(logical: Qubit): Q<Qubit> = run {
    encoded <- (encode(())) @ logical
    (data, s1, s2) <- syndrome_measure(encoded)
    corrected <- ((correct(data))(s1))(s2)
    decoded <- adjoint(encode(())) @ corrected
    let (out, _rest) = (split(1))(decoded)
    return out
}
