---
source: frontend/tests/reference_algorithms.rs
expression: decls
---
[
    (
        Fn {
            name: "bell_state",
            params: [],
            ret: (
                Circuit {
                    n: (
                        Lit(
                            2,
                        ),
                        0..0,
                    ),
                    m: (
                        Lit(
                            2,
                        ),
                        0..0,
                    ),
                    d: (
                        Lit(
                            2,
                        ),
                        0..0,
                    ),
                    c: Clifford,
                },
                0..0,
            ),
            body: (
                CircuitBlock(
                    [
                        (
                            Expr(
                                (
                                    Compose(
                                        (
                                            GateApp {
                                                gate: (
                                                    Var(
                                                        "H",
                                                    ),
                                                    0..0,
                                                ),
                                                qubits: (
                                                    Int(
                                                        0,
                                                    ),
                                                    0..0,
                                                ),
                                            },
                                            0..0,
                                        ),
                                        (
                                            GateApp {
                                                gate: (
                                                    Var(
                                                        "CNOT",
                                                    ),
                                                    0..0,
                                                ),
                                                qubits: (
                                                    Tuple(
                                                        [
                                                            (
                                                                Int(
                                                                    0,
                                                                ),
                                                                0..0,
                                                            ),
                                                            (
                                                                Int(
                                                                    1,
                                                                ),
                                                                0..0,
                                                            ),
                                                        ],
                                                    ),
                                                    0..0,
                                                ),
                                            },
                                            0..0,
                                        ),
                                    ),
                                    0..0,
                                ),
                            ),
                            0..0,
                        ),
                    ],
                ),
                0..0,
            ),
        },
        0..0,
    ),
    (
        Fn {
            name: "hello_bell",
            params: [],
            ret: (
                Q(
                    (
                        Tuple(
                            [
                                (
                                    Bit,
                                    0..0,
                                ),
                                (
                                    Bit,
                                    0..0,
                                ),
                            ],
                        ),
                        0..0,
                    ),
                ),
                0..0,
            ),
            body: (
                RunBlock(
                    [
                        (
                            Bind {
                                pat: (
                                    Tuple(
                                        [
                                            (
                                                Var(
                                                    "q0",
                                                ),
                                                0..0,
                                            ),
                                            (
                                                Var(
                                                    "q1",
                                                ),
                                                0..0,
                                            ),
                                        ],
                                    ),
                                    0..0,
                                ),
                                rhs: (
                                    GateApp {
                                        gate: (
                                            App(
                                                (
                                                    Var(
                                                        "bell_state",
                                                    ),
                                                    0..0,
                                                ),
                                                (
                                                    Unit,
                                                    0..0,
                                                ),
                                            ),
                                            0..0,
                                        ),
                                        qubits: (
                                            App(
                                                (
                                                    Var(
                                                        "qreg",
                                                    ),
                                                    0..0,
                                                ),
                                                (
                                                    Int(
                                                        2,
                                                    ),
                                                    0..0,
                                                ),
                                            ),
                                            0..0,
                                        ),
                                    },
                                    0..0,
                                ),
                            },
                            0..0,
                        ),
                        (
                            Bind {
                                pat: (
                                    Var(
                                        "b0",
                                    ),
                                    0..0,
                                ),
                                rhs: (
                                    App(
                                        (
                                            Var(
                                                "measure",
                                            ),
                                            0..0,
                                        ),
                                        (
                                            Var(
                                                "q0",
                                            ),
                                            0..0,
                                        ),
                                    ),
                                    0..0,
                                ),
                            },
                            0..0,
                        ),
                        (
                            Bind {
                                pat: (
                                    Var(
                                        "b1",
                                    ),
                                    0..0,
                                ),
                                rhs: (
                                    App(
                                        (
                                            Var(
                                                "measure",
                                            ),
                                            0..0,
                                        ),
                                        (
                                            Var(
                                                "q1",
                                            ),
                                            0..0,
                                        ),
                                    ),
                                    0..0,
                                ),
                            },
                            0..0,
                        ),
                        (
                            Expr(
                                (
                                    Return(
                                        (
                                            Tuple(
                                                [
                                                    (
                                                        Var(
                                                            "b0",
                                                        ),
                                                        0..0,
                                                    ),
                                                    (
                                                        Var(
                                                            "b1",
                                                        ),
                                                        0..0,
                                                    ),
                                                ],
                                            ),
                                            0..0,
                                        ),
                                    ),
                                    0..0,
                                ),
                            ),
                            0..0,
                        ),
                    ],
                ),
                0..0,
            ),
        },
        0..0,
    ),
]
