---
source: frontend/tests/reference_algorithms.rs
expression: decls
---
[
    (
        TypeAlias {
            name: "Bell",
            params: [],
            ty: (
                Circuit {
                    n: (
                        Lit(
                            2,
                        ),
                        0..0,
                    ),
                    m: (
                        Lit(
                            2,
                        ),
                        0..0,
                    ),
                    d: (
                        Lit(
                            2,
                        ),
                        0..0,
                    ),
                    c: Clifford,
                },
                0..0,
            ),
        },
        0..0,
    ),
    (
        Fn {
            name: "bell_gate",
            params: [],
            ret: (
                Named {
                    name: "Bell",
                    args: [],
                },
                0..0,
            ),
            body: (
                CircuitBlock(
                    [
                        (
                            Expr(
                                (
                                    Compose(
                                        (
                                            GateApp {
                                                gate: (
                                                    Var(
                                                        "H",
                                                    ),
                                                    0..0,
                                                ),
                                                qubits: (
                                                    Int(
                                                        0,
                                                    ),
                                                    0..0,
                                                ),
                                            },
                                            0..0,
                                        ),
                                        (
                                            GateApp {
                                                gate: (
                                                    Var(
                                                        "CNOT",
                                                    ),
                                                    0..0,
                                                ),
                                                qubits: (
                                                    Tuple(
                                                        [
                                                            (
                                                                Int(
                                                                    0,
                                                                ),
                                                                0..0,
                                                            ),
                                                            (
                                                                Int(
                                                                    1,
                                                                ),
                                                                0..0,
                                                            ),
                                                        ],
                                                    ),
                                                    0..0,
                                                ),
                                            },
                                            0..0,
                                        ),
                                    ),
                                    0..0,
                                ),
                            ),
                            0..0,
                        ),
                    ],
                ),
                0..0,
            ),
        },
        0..0,
    ),
    (
        Fn {
            name: "phase_kickback",
            params: [
                (
                    "theta",
                    (
                        Float,
                        0..0,
                    ),
                ),
            ],
            ret: (
                Circuit {
                    n: (
                        Lit(
                            2,
                        ),
                        0..0,
                    ),
                    m: (
                        Lit(
                            2,
                        ),
                        0..0,
                    ),
                    d: (
                        Lit(
                            2,
                        ),
                        0..0,
                    ),
                    c: Universal,
                },
                0..0,
            ),
            body: (
                CircuitBlock(
                    [
                        (
                            Expr(
                                (
                                    Compose(
                                        (
                                            Compose(
                                                (
                                                    GateApp {
                                                        gate: (
                                                            Var(
                                                                "CNOT",
                                                            ),
                                                            0..0,
                                                        ),
                                                        qubits: (
                                                            Tuple(
                                                                [
                                                                    (
                                                                        Int(
                                                                            0,
                                                                        ),
                                                                        0..0,
                                                                    ),
                                                                    (
                                                                        Int(
                                                                            1,
                                                                        ),
                                                                        0..0,
                                                                    ),
                                                                ],
                                                            ),
                                                            0..0,
                                                        ),
                                                    },
                                                    0..0,
                                                ),
                                                (
                                                    GateApp {
                                                        gate: (
                                                            App(
                                                                (
                                                                    Var(
                                                                        "Rz",
                                                                    ),
                                                                    0..0,
                                                                ),
                                                                (
                                                                    Var(
                                                                        "theta",
                                                                    ),
                                                                    0..0,
                                                                ),
                                                            ),
                                                            0..0,
                                                        ),
                                                        qubits: (
                                                            Int(
                                                                1,
                                                            ),
                                                            0..0,
                                                        ),
                                                    },
                                                    0..0,
                                                ),
                                            ),
                                            0..0,
                                        ),
                                        (
                                            GateApp {
                                                gate: (
                                                    Var(
                                                        "CNOT",
                                                    ),
                                                    0..0,
                                                ),
                                                qubits: (
                                                    Tuple(
                                                        [
                                                            (
                                                                Int(
                                                                    0,
                                                                ),
                                                                0..0,
                                                            ),
                                                            (
                                                                Int(
                                                                    1,
                                                                ),
                                                                0..0,
                                                            ),
                                                        ],
                                                    ),
                                                    0..0,
                                                ),
                                            },
                                            0..0,
                                        ),
                                    ),
                                    0..0,
                                ),
                            ),
                            0..0,
                        ),
                    ],
                ),
                0..0,
            ),
        },
        0..0,
    ),
    (
        Fn {
            name: "basis_measures",
            params: [
                (
                    "q",
                    (
                        Qubit,
                        0..0,
                    ),
                ),
            ],
            ret: (
                Q(
                    (
                        Tuple(
                            [
                                (
                                    Bit,
                                    0..0,
                                ),
                                (
                                    Bit,
                                    0..0,
                                ),
                            ],
                        ),
                        0..0,
                    ),
                ),
                0..0,
            ),
            body: (
                RunBlock(
                    [
                        (
                            Bind {
                                pat: (
                                    Var(
                                        "a",
                                    ),
                                    0..0,
                                ),
                                rhs: (
                                    App(
                                        (
                                            Var(
                                                "measure_x",
                                            ),
                                            0..0,
                                        ),
                                        (
                                            Var(
                                                "q",
                                            ),
                                            0..0,
                                        ),
                                    ),
                                    0..0,
                                ),
                            },
                            0..0,
                        ),
                        (
                            Bind {
                                pat: (
                                    Var(
                                        "b",
                                    ),
                                    0..0,
                                ),
                                rhs: (
                                    App(
                                        (
                                            Var(
                                                "measure_y",
                                            ),
                                            0..0,
                                        ),
                                        (
                                            Var(
                                                "q",
                                            ),
                                            0..0,
                                        ),
                                    ),
                                    0..0,
                                ),
                            },
                            0..0,
                        ),
                        (
                            Expr(
                                (
                                    Return(
                                        (
                                            Tuple(
                                                [
                                                    (
                                                        Var(
                                                            "a",
                                                        ),
                                                        0..0,
                                                    ),
                                                    (
                                                        Var(
                                                            "b",
                                                        ),
                                                        0..0,
                                                    ),
                                                ],
                                            ),
                                            0..0,
                                        ),
                                    ),
                                    0..0,
                                ),
                            ),
                            0..0,
                        ),
                    ],
                ),
                0..0,
            ),
        },
        0..0,
    ),
    (
        Fn {
            name: "cleanup",
            params: [
                (
                    "q",
                    (
                        Qubit,
                        0..0,
                    ),
                ),
            ],
            ret: (
                Q(
                    (
                        Qubit,
                        0..0,
                    ),
                ),
                0..0,
            ),
            body: (
                RunBlock(
                    [
                        (
                            Bind {
                                pat: (
                                    Var(
                                        "r",
                                    ),
                                    0..0,
                                ),
                                rhs: (
                                    App(
                                        (
                                            Var(
                                                "reset",
                                            ),
                                            0..0,
                                        ),
                                        (
                                            Var(
                                                "q",
                                            ),
                                            0..0,
                                        ),
                                    ),
                                    0..0,
                                ),
                            },
                            0..0,
                        ),
                        (
                            Expr(
                                (
                                    Return(
                                        (
                                            Var(
                                                "r",
                                            ),
                                            0..0,
                                        ),
                                    ),
                                    0..0,
                                ),
                            ),
                            0..0,
                        ),
                    ],
                ),
                0..0,
            ),
        },
        0..0,
    ),
    (
        Fn {
            name: "seqs",
            params: [
                (
                    "cs",
                    (
                        List(
                            (
                                Q(
                                    (
                                        Bit,
                                        0..0,
                                    ),
                                ),
                                0..0,
                            ),
                        ),
                        0..0,
                    ),
                ),
            ],
            ret: (
                Q(
                    (
                        List(
                            (
                                Bit,
                                0..0,
                            ),
                        ),
                        0..0,
                    ),
                ),
                0..0,
            ),
            body: (
                App(
                    (
                        Var(
                            "sequence_q",
                        ),
                        0..0,
                    ),
                    (
                        Var(
                            "cs",
                        ),
                        0..0,
                    ),
                ),
                0..0,
            ),
        },
        0..0,
    ),
    (
        Fn {
            name: "series",
            params: [
                (
                    "xs",
                    (
                        List(
                            (
                                Int,
                                0..0,
                            ),
                        ),
                        0..0,
                    ),
                ),
            ],
            ret: (
                Q(
                    (
                        List(
                            (
                                Bit,
                                0..0,
                            ),
                        ),
                        0..0,
                    ),
                ),
                0..0,
            ),
            body: (
                App(
                    (
                        App(
                            (
                                Var(
                                    "map_q",
                                ),
                                0..0,
                            ),
                            (
                                Lam {
                                    params: [
                                        (
                                            (
                                                Var(
                                                    "k",
                                                ),
                                                0..0,
                                            ),
                                            None,
                                        ),
                                    ],
                                    body: (
                                        App(
                                            (
                                                Var(
                                                    "measure_one",
                                                ),
                                                0..0,
                                            ),
                                            (
                                                Var(
                                                    "k",
                                                ),
                                                0..0,
                                            ),
                                        ),
                                        0..0,
                                    ),
                                },
                                0..0,
                            ),
                        ),
                        0..0,
                    ),
                    (
                        Var(
                            "xs",
                        ),
                        0..0,
                    ),
                ),
                0..0,
            ),
        },
        0..0,
    ),
    (
        Fn {
            name: "reverse_reg",
            params: [
                (
                    "n",
                    (
                        Nat,
                        0..0,
                    ),
                ),
            ],
            ret: (
                Circuit {
                    n: (
                        Var(
                            "n",
                        ),
                        0..0,
                    ),
                    m: (
                        Var(
                            "n",
                        ),
                        0..0,
                    ),
                    d: (
                        Div(
                            (
                                Var(
                                    "n",
                                ),
                                0..0,
                            ),
                            (
                                Lit(
                                    2,
                                ),
                                0..0,
                            ),
                        ),
                        0..0,
                    ),
                    c: Clifford,
                },
                0..0,
            ),
            body: (
                App(
                    (
                        Var(
                            "swap_reverse",
                        ),
                        0..0,
                    ),
                    (
                        Var(
                            "n",
                        ),
                        0..0,
                    ),
                ),
                0..0,
            ),
        },
        0..0,
    ),
    (
        Fn {
            name: "tower",
            params: [
                (
                    "n",
                    (
                        Nat,
                        0..0,
                    ),
                ),
            ],
            ret: (
                Circuit {
                    n: (
                        Var(
                            "n",
                        ),
                        0..0,
                    ),
                    m: (
                        Var(
                            "n",
                        ),
                        0..0,
                    ),
                    d: (
                        Var(
                            "n",
                        ),
                        0..0,
                    ),
                    c: Clifford,
                },
                0..0,
            ),
            body: (
                Par(
                    (
                        GateApp {
                            gate: (
                                Var(
                                    "H",
                                ),
                                0..0,
                            ),
                            qubits: (
                                Int(
                                    0,
                                ),
                                0..0,
                            ),
                        },
                        0..0,
                    ),
                    (
                        Var(
                            "n",
                        ),
                        0..0,
                    ),
                ),
                0..0,
            ),
        },
        0..0,
    ),
]
