---
source: frontend/tests/reference_algorithms.rs
expression: decls
---
[
    (
        Fn {
            name: "qft",
            params: [
                (
                    "n",
                    (
                        Nat,
                        0..0,
                    ),
                ),
            ],
            ret: (
                Circuit {
                    n: (
                        Var(
                            "n",
                        ),
                        0..0,
                    ),
                    m: (
                        Var(
                            "n",
                        ),
                        0..0,
                    ),
                    d: (
                        Mul(
                            (
                                Var(
                                    "n",
                                ),
                                0..0,
                            ),
                            (
                                Var(
                                    "n",
                                ),
                                0..0,
                            ),
                        ),
                        0..0,
                    ),
                    c: Universal,
                },
                0..0,
            ),
            body: (
                CircuitBlock(
                    [
                        (
                            Expr(
                                (
                                    Match {
                                        scrutinee: (
                                            Var(
                                                "n",
                                            ),
                                            0..0,
                                        ),
                                        arms: [
                                            (
                                                (
                                                    Lit(
                                                        Int(
                                                            0,
                                                        ),
                                                    ),
                                                    0..0,
                                                ),
                                                (
                                                    App(
                                                        (
                                                            Var(
                                                                "identity",
                                                            ),
                                                            0..0,
                                                        ),
                                                        (
                                                            Int(
                                                                0,
                                                            ),
                                                            0..0,
                                                        ),
                                                    ),
                                                    0..0,
                                                ),
                                            ),
                                            (
                                                (
                                                    Wildcard,
                                                    0..0,
                                                ),
                                                (
                                                    Compose(
                                                        (
                                                            Compose(
                                                                (
                                                                    Compose(
                                                                        (
                                                                            GateApp {
                                                                                gate: (
                                                                                    Var(
                                                                                        "H",
                                                                                    ),
                                                                                    0..0,
                                                                                ),
                                                                                qubits: (
                                                                                    Int(
                                                                                        0,
                                                                                    ),
                                                                                    0..0,
                                                                                ),
                                                                            },
                                                                            0..0,
                                                                        ),
                                                                        (
                                                                            App(
                                                                                (
                                                                                    Var(
                                                                                        "controlled_rotations",
                                                                                    ),
                                                                                    0..0,
                                                                                ),
                                                                                (
                                                                                    Var(
                                                                                        "n",
                                                                                    ),
                                                                                    0..0,
                                                                                ),
                                                                            ),
                                                                            0..0,
                                                                        ),
                                                                    ),
                                                                    0..0,
                                                                ),
                                                                (
                                                                    App(
                                                                        (
                                                                            App(
                                                                                (
                                                                                    Var(
                                                                                        "on_high",
                                                                                    ),
                                                                                    0..0,
                                                                                ),
                                                                                (
                                                                                    App(
                                                                                        (
                                                                                            Var(
                                                                                                "qft",
                                                                                            ),
                                                                                            0..0,
                                                                                        ),
                                                                                        (
                                                                                            BinOp {
                                                                                                op: Sub,
                                                                                                lhs: (
                                                                                                    Var(
                                                                                                        "n",
                                                                                                    ),
                                                                                                    0..0,
                                                                                                ),
                                                                                                rhs: (
                                                                                                    Int(
                                                                                                        1,
                                                                                                    ),
                                                                                                    0..0,
                                                                                                ),
                                                                                            },
                                                                                            0..0,
                                                                                        ),
                                                                                    ),
                                                                                    0..0,
                                                                                ),
                                                                            ),
                                                                            0..0,
                                                                        ),
                                                                        (
                                                                            Var(
                                                                                "n",
                                                                            ),
                                                                            0..0,
                                                                        ),
                                                                    ),
                                                                    0..0,
                                                                ),
                                                            ),
                                                            0..0,
                                                        ),
                                                        (
                                                            App(
                                                                (
                                                                    Var(
                                                                        "swap_reverse",
                                                                    ),
                                                                    0..0,
                                                                ),
                                                                (
                                                                    Var(
                                                                        "n",
                                                                    ),
                                                                    0..0,
                                                                ),
                                                            ),
                                                            0..0,
                                                        ),
                                                    ),
                                                    0..0,
                                                ),
                                            ),
                                        ],
                                    },
                                    0..0,
                                ),
                            ),
                            0..0,
                        ),
                    ],
                ),
                0..0,
            ),
        },
        0..0,
    ),
    (
        Fn {
            name: "mod_exp",
            params: [
                (
                    "n",
                    (
                        Nat,
                        0..0,
                    ),
                ),
                (
                    "a",
                    (
                        Int,
                        0..0,
                    ),
                ),
                (
                    "nn",
                    (
                        Int,
                        0..0,
                    ),
                ),
            ],
            ret: (
                Circuit {
                    n: (
                        Mul(
                            (
                                Lit(
                                    2,
                                ),
                                0..0,
                            ),
                            (
                                Var(
                                    "n",
                                ),
                                0..0,
                            ),
                        ),
                        0..0,
                    ),
                    m: (
                        Mul(
                            (
                                Lit(
                                    2,
                                ),
                                0..0,
                            ),
                            (
                                Var(
                                    "n",
                                ),
                                0..0,
                            ),
                        ),
                        0..0,
                    ),
                    d: (
                        Exp(
                            (
                                Var(
                                    "n",
                                ),
                                0..0,
                            ),
                            (
                                Lit(
                                    3,
                                ),
                                0..0,
                            ),
                        ),
                        0..0,
                    ),
                    c: Universal,
                },
                0..0,
            ),
            body: (
                CircuitBlock(
                    [
                        (
                            Expr(
                                (
                                    App(
                                        (
                                            App(
                                                (
                                                    App(
                                                        (
                                                            Var(
                                                                "build_controlled_modexp",
                                                            ),
                                                            0..0,
                                                        ),
                                                        (
                                                            Var(
                                                                "n",
                                                            ),
                                                            0..0,
                                                        ),
                                                    ),
                                                    0..0,
                                                ),
                                                (
                                                    Var(
                                                        "a",
                                                    ),
                                                    0..0,
                                                ),
                                            ),
                                            0..0,
                                        ),
                                        (
                                            Var(
                                                "nn",
                                            ),
                                            0..0,
                                        ),
                                    ),
                                    0..0,
                                ),
                            ),
                            0..0,
                        ),
                    ],
                ),
                0..0,
            ),
        },
        0..0,
    ),
    (
        Fn {
            name: "shor_quantum",
            params: [
                (
                    "n",
                    (
                        Nat,
                        0..0,
                    ),
                ),
                (
                    "a",
                    (
                        Int,
                        0..0,
                    ),
                ),
                (
                    "nn",
                    (
                        Int,
                        0..0,
                    ),
                ),
            ],
            ret: (
                Q(
                    (
                        List(
                            (
                                Bit,
                                0..0,
                            ),
                        ),
                        0..0,
                    ),
                ),
                0..0,
            ),
            body: (
                RunBlock(
                    [
                        (
                            Bind {
                                pat: (
                                    Var(
                                        "ctrl",
                                    ),
                                    0..0,
                                ),
                                rhs: (
                                    GateApp {
                                        gate: (
                                            App(
                                                (
                                                    Var(
                                                        "hadamard_all",
                                                    ),
                                                    0..0,
                                                ),
                                                (
                                                    Var(
                                                        "n",
                                                    ),
                                                    0..0,
                                                ),
                                            ),
                                            0..0,
                                        ),
                                        qubits: (
                                            App(
                                                (
                                                    Var(
                                                        "qreg",
                                                    ),
                                                    0..0,
                                                ),
                                                (
                                                    Var(
                                                        "n",
                                                    ),
                                                    0..0,
                                                ),
                                            ),
                                            0..0,
                                        ),
                                    },
                                    0..0,
                                ),
                            },
                            0..0,
                        ),
                        (
                            Bind {
                                pat: (
                                    Var(
                                        "tgt",
                                    ),
                                    0..0,
                                ),
                                rhs: (
                                    GateApp {
                                        gate: (
                                            App(
                                                (
                                                    Var(
                                                        "init_one",
                                                    ),
                                                    0..0,
                                                ),
                                                (
                                                    Unit,
                                                    0..0,
                                                ),
                                            ),
                                            0..0,
                                        ),
                                        qubits: (
                                            App(
                                                (
                                                    Var(
                                                        "qreg",
                                                    ),
                                                    0..0,
                                                ),
                                                (
                                                    Var(
                                                        "n",
                                                    ),
                                                    0..0,
                                                ),
                                            ),
                                            0..0,
                                        ),
                                    },
                                    0..0,
                                ),
                            },
                            0..0,
                        ),
                        (
                            Bind {
                                pat: (
                                    Var(
                                        "both",
                                    ),
                                    0..0,
                                ),
                                rhs: (
                                    GateApp {
                                        gate: (
                                            App(
                                                (
                                                    App(
                                                        (
                                                            App(
                                                                (
                                                                    Var(
                                                                        "mod_exp",
                                                                    ),
                                                                    0..0,
                                                                ),
                                                                (
                                                                    Var(
                                                                        "n",
                                                                    ),
                                                                    0..0,
                                                                ),
                                                            ),
                                                            0..0,
                                                        ),
                                                        (
                                                            Var(
                                                                "a",
                                                            ),
                                                            0..0,
                                                        ),
                                                    ),
                                                    0..0,
                                                ),
                                                (
                                                    Var(
                                                        "nn",
                                                    ),
                                                    0..0,
                                                ),
                                            ),
                                            0..0,
                                        ),
                                        qubits: (
                                            App(
                                                (
                                                    App(
                                                        (
                                                            Var(
                                                                "tensored",
                                                            ),
                                                            0..0,
                                                        ),
                                                        (
                                                            Var(
                                                                "ctrl",
                                                            ),
                                                            0..0,
                                                        ),
                                                    ),
                                                    0..0,
                                                ),
                                                (
                                                    Var(
                                                        "tgt",
                                                    ),
                                                    0..0,
                                                ),
                                            ),
                                            0..0,
                                        ),
                                    },
                                    0..0,
                                ),
                            },
                            0..0,
                        ),
                        (
                            Let {
                                pat: (
                                    Tuple(
                                        [
                                            (
                                                Var(
                                                    "ctrl2",
                                                ),
                                                0..0,
                                            ),
                                            (
                                                Wildcard,
                                                0..0,
                                            ),
                                        ],
                                    ),
                                    0..0,
                                ),
                                rhs: (
                                    App(
                                        (
                                            App(
                                                (
                                                    Var(
                                                        "split",
                                                    ),
                                                    0..0,
                                                ),
                                                (
                                                    Var(
                                                        "n",
                                                    ),
                                                    0..0,
                                                ),
                                            ),
                                            0..0,
                                        ),
                                        (
                                            Var(
                                                "both",
                                            ),
                                            0..0,
                                        ),
                                    ),
                                    0..0,
                                ),
                            },
                            0..0,
                        ),
                        (
                            Bind {
                                pat: (
                                    Var(
                                        "est",
                                    ),
                                    0..0,
                                ),
                                rhs: (
                                    GateApp {
                                        gate: (
                                            Adjoint(
                                                (
                                                    App(
                                                        (
                                                            Var(
                                                                "qft",
                                                            ),
                                                            0..0,
                                                        ),
                                                        (
                                                            Var(
                                                                "n",
                                                            ),
                                                            0..0,
                                                        ),
                                                    ),
                                                    0..0,
                                                ),
                                            ),
                                            0..0,
                                        ),
                                        qubits: (
                                            Var(
                                                "ctrl2",
                                            ),
                                            0..0,
                                        ),
                                    },
                                    0..0,
                                ),
                            },
                            0..0,
                        ),
                        (
                            Expr(
                                (
                                    App(
                                        (
                                            Var(
                                                "measure_all",
                                            ),
                                            0..0,
                                        ),
                                        (
                                            Var(
                                                "est",
                                            ),
                                            0..0,
                                        ),
                                    ),
                                    0..0,
                                ),
                            ),
                            0..0,
                        ),
                    ],
                ),
                0..0,
            ),
        },
        0..0,
    ),
]
