---
source: frontend/tests/reference_algorithms.rs
expression: decls
---
[
    (
        Fn {
            name: "cost_layer",
            params: [
                (
                    "n",
                    (
                        Nat,
                        0..0,
                    ),
                ),
                (
                    "gamma",
                    (
                        Float,
                        0..0,
                    ),
                ),
                (
                    "q",
                    (
                        Matrix(
                            (
                                Var(
                                    "n",
                                ),
                                0..0,
                            ),
                            (
                                Var(
                                    "n",
                                ),
                                0..0,
                            ),
                            (
                                Float,
                                0..0,
                            ),
                        ),
                        0..0,
                    ),
                ),
            ],
            ret: (
                Circuit {
                    n: (
                        Var(
                            "n",
                        ),
                        0..0,
                    ),
                    m: (
                        Var(
                            "n",
                        ),
                        0..0,
                    ),
                    d: (
                        Mul(
                            (
                                Var(
                                    "n",
                                ),
                                0..0,
                            ),
                            (
                                Var(
                                    "n",
                                ),
                                0..0,
                            ),
                        ),
                        0..0,
                    ),
                    c: Universal,
                },
                0..0,
            ),
            body: (
                CircuitBlock(
                    [
                        (
                            Expr(
                                (
                                    Compose(
                                        (
                                            For {
                                                pat: (
                                                    Tuple(
                                                        [
                                                            (
                                                                Var(
                                                                    "i",
                                                                ),
                                                                0..0,
                                                            ),
                                                            (
                                                                Var(
                                                                    "j",
                                                                ),
                                                                0..0,
                                                            ),
                                                        ],
                                                    ),
                                                    0..0,
                                                ),
                                                iter: (
                                                    App(
                                                        (
                                                            Var(
                                                                "pairs",
                                                            ),
                                                            0..0,
                                                        ),
                                                        (
                                                            Var(
                                                                "n",
                                                            ),
                                                            0..0,
                                                        ),
                                                    ),
                                                    0..0,
                                                ),
                                                body: (
                                                    GateApp {
                                                        gate: (
                                                            App(
                                                                (
                                                                    Var(
                                                                        "Rzz",
                                                                    ),
                                                                    0..0,
                                                                ),
                                                                (
                                                                    BinOp {
                                                                        op: Mul,
                                                                        lhs: (
                                                                            Var(
                                                                                "gamma",
                                                                            ),
                                                                            0..0,
                                                                        ),
                                                                        rhs: (
                                                                            App(
                                                                                (
                                                                                    App(
                                                                                        (
                                                                                            Var(
                                                                                                "index",
                                                                                            ),
                                                                                            0..0,
                                                                                        ),
                                                                                        (
                                                                                            App(
                                                                                                (
                                                                                                    App(
                                                                                                        (
                                                                                                            Var(
                                                                                                                "index",
                                                                                                            ),
                                                                                                            0..0,
                                                                                                        ),
                                                                                                        (
                                                                                                            Var(
                                                                                                                "q",
                                                                                                            ),
                                                                                                            0..0,
                                                                                                        ),
                                                                                                    ),
                                                                                                    0..0,
                                                                                                ),
                                                                                                (
                                                                                                    Var(
                                                                                                        "i",
                                                                                                    ),
                                                                                                    0..0,
                                                                                                ),
                                                                                            ),
                                                                                            0..0,
                                                                                        ),
                                                                                    ),
                                                                                    0..0,
                                                                                ),
                                                                                (
                                                                                    Var(
                                                                                        "j",
                                                                                    ),
                                                                                    0..0,
                                                                                ),
                                                                            ),
                                                                            0..0,
                                                                        ),
                                                                    },
                                                                    0..0,
                                                                ),
                                                            ),
                                                            0..0,
                                                        ),
                                                        qubits: (
                                                            Tuple(
                                                                [
                                                                    (
                                                                        Var(
                                                                            "i",
                                                                        ),
                                                                        0..0,
                                                                    ),
                                                                    (
                                                                        Var(
                                                                            "j",
                                                                        ),
                                                                        0..0,
                                                                    ),
                                                                ],
                                                            ),
                                                            0..0,
                                                        ),
                                                    },
                                                    0..0,
                                                ),
                                            },
                                            0..0,
                                        ),
                                        (
                                            For {
                                                pat: (
                                                    Var(
                                                        "i",
                                                    ),
                                                    0..0,
                                                ),
                                                iter: (
                                                    App(
                                                        (
                                                            Var(
                                                                "diag",
                                                            ),
                                                            0..0,
                                                        ),
                                                        (
                                                            Var(
                                                                "n",
                                                            ),
                                                            0..0,
                                                        ),
                                                    ),
                                                    0..0,
                                                ),
                                                body: (
                                                    GateApp {
                                                        gate: (
                                                            App(
                                                                (
                                                                    Var(
                                                                        "Rz",
                                                                    ),
                                                                    0..0,
                                                                ),
                                                                (
                                                                    BinOp {
                                                                        op: Mul,
                                                                        lhs: (
                                                                            Var(
                                                                                "gamma",
                                                                            ),
                                                                            0..0,
                                                                        ),
                                                                        rhs: (
                                                                            App(
                                                                                (
                                                                                    App(
                                                                                        (
                                                                                            Var(
                                                                                                "index",
                                                                                            ),
                                                                                            0..0,
                                                                                        ),
                                                                                        (
                                                                                            App(
                                                                                                (
                                                                                                    App(
                                                                                                        (
                                                                                                            Var(
                                                                                                                "index",
                                                                                                            ),
                                                                                                            0..0,
                                                                                                        ),
                                                                                                        (
                                                                                                            Var(
                                                                                                                "q",
                                                                                                            ),
                                                                                                            0..0,
                                                                                                        ),
                                                                                                    ),
                                                                                                    0..0,
                                                                                                ),
                                                                                                (
                                                                                                    Var(
                                                                                                        "i",
                                                                                                    ),
                                                                                                    0..0,
                                                                                                ),
                                                                                            ),
                                                                                            0..0,
                                                                                        ),
                                                                                    ),
                                                                                    0..0,
                                                                                ),
                                                                                (
                                                                                    Var(
                                                                                        "i",
                                                                                    ),
                                                                                    0..0,
                                                                                ),
                                                                            ),
                                                                            0..0,
                                                                        ),
                                                                    },
                                                                    0..0,
                                                                ),
                                                            ),
                                                            0..0,
                                                        ),
                                                        qubits: (
                                                            Var(
                                                                "i",
                                                            ),
                                                            0..0,
                                                        ),
                                                    },
                                                    0..0,
                                                ),
                                            },
                                            0..0,
                                        ),
                                    ),
                                    0..0,
                                ),
                            ),
                            0..0,
                        ),
                    ],
                ),
                0..0,
            ),
        },
        0..0,
    ),
    (
        Fn {
            name: "mixer_layer",
            params: [
                (
                    "n",
                    (
                        Nat,
                        0..0,
                    ),
                ),
                (
                    "beta",
                    (
                        Float,
                        0..0,
                    ),
                ),
            ],
            ret: (
                Circuit {
                    n: (
                        Var(
                            "n",
                        ),
                        0..0,
                    ),
                    m: (
                        Var(
                            "n",
                        ),
                        0..0,
                    ),
                    d: (
                        Lit(
                            1,
                        ),
                        0..0,
                    ),
                    c: Universal,
                },
                0..0,
            ),
            body: (
                CircuitBlock(
                    [
                        (
                            Expr(
                                (
                                    For {
                                        pat: (
                                            Var(
                                                "q",
                                            ),
                                            0..0,
                                        ),
                                        iter: (
                                            App(
                                                (
                                                    Var(
                                                        "qubits",
                                                    ),
                                                    0..0,
                                                ),
                                                (
                                                    Var(
                                                        "n",
                                                    ),
                                                    0..0,
                                                ),
                                            ),
                                            0..0,
                                        ),
                                        body: (
                                            App(
                                                (
                                                    App(
                                                        (
                                                            Var(
                                                                "Rx",
                                                            ),
                                                            0..0,
                                                        ),
                                                        (
                                                            Var(
                                                                "beta",
                                                            ),
                                                            0..0,
                                                        ),
                                                    ),
                                                    0..0,
                                                ),
                                                (
                                                    Var(
                                                        "q",
                                                    ),
                                                    0..0,
                                                ),
                                            ),
                                            0..0,
                                        ),
                                    },
                                    0..0,
                                ),
                            ),
                            0..0,
                        ),
                    ],
                ),
                0..0,
            ),
        },
        0..0,
    ),
    (
        Fn {
            name: "qaoa_layer",
            params: [
                (
                    "n",
                    (
                        Nat,
                        0..0,
                    ),
                ),
                (
                    "gamma",
                    (
                        Float,
                        0..0,
                    ),
                ),
                (
                    "beta",
                    (
                        Float,
                        0..0,
                    ),
                ),
                (
                    "q",
                    (
                        Matrix(
                            (
                                Var(
                                    "n",
                                ),
                                0..0,
                            ),
                            (
                                Var(
                                    "n",
                                ),
                                0..0,
                            ),
                            (
                                Float,
                                0..0,
                            ),
                        ),
                        0..0,
                    ),
                ),
            ],
            ret: (
                Circuit {
                    n: (
                        Var(
                            "n",
                        ),
                        0..0,
                    ),
                    m: (
                        Var(
                            "n",
                        ),
                        0..0,
                    ),
                    d: (
                        Add(
                            (
                                Mul(
                                    (
                                        Var(
                                            "n",
                                        ),
                                        0..0,
                                    ),
                                    (
                                        Var(
                                            "n",
                                        ),
                                        0..0,
                                    ),
                                ),
                                0..0,
                            ),
                            (
                                Lit(
                                    1,
                                ),
                                0..0,
                            ),
                        ),
                        0..0,
                    ),
                    c: Universal,
                },
                0..0,
            ),
            body: (
                CircuitBlock(
                    [
                        (
                            Expr(
                                (
                                    Compose(
                                        (
                                            App(
                                                (
                                                    App(
                                                        (
                                                            App(
                                                                (
                                                                    Var(
                                                                        "cost_layer",
                                                                    ),
                                                                    0..0,
                                                                ),
                                                                (
                                                                    Var(
                                                                        "n",
                                                                    ),
                                                                    0..0,
                                                                ),
                                                            ),
                                                            0..0,
                                                        ),
                                                        (
                                                            Var(
                                                                "gamma",
                                                            ),
                                                            0..0,
                                                        ),
                                                    ),
                                                    0..0,
                                                ),
                                                (
                                                    Var(
                                                        "q",
                                                    ),
                                                    0..0,
                                                ),
                                            ),
                                            0..0,
                                        ),
                                        (
                                            App(
                                                (
                                                    App(
                                                        (
                                                            Var(
                                                                "mixer_layer",
                                                            ),
                                                            0..0,
                                                        ),
                                                        (
                                                            Var(
                                                                "n",
                                                            ),
                                                            0..0,
                                                        ),
                                                    ),
                                                    0..0,
                                                ),
                                                (
                                                    Var(
                                                        "beta",
                                                    ),
                                                    0..0,
                                                ),
                                            ),
                                            0..0,
                                        ),
                                    ),
                                    0..0,
                                ),
                            ),
                            0..0,
                        ),
                    ],
                ),
                0..0,
            ),
        },
        0..0,
    ),
    (
        Fn {
            name: "qaoa_circuit",
            params: [
                (
                    "n",
                    (
                        Nat,
                        0..0,
                    ),
                ),
                (
                    "p",
                    (
                        Int,
                        0..0,
                    ),
                ),
                (
                    "params",
                    (
                        List(
                            (
                                Tuple(
                                    [
                                        (
                                            Float,
                                            0..0,
                                        ),
                                        (
                                            Float,
                                            0..0,
                                        ),
                                    ],
                                ),
                                0..0,
                            ),
                        ),
                        0..0,
                    ),
                ),
                (
                    "q",
                    (
                        Matrix(
                            (
                                Var(
                                    "n",
                                ),
                                0..0,
                            ),
                            (
                                Var(
                                    "n",
                                ),
                                0..0,
                            ),
                            (
                                Float,
                                0..0,
                            ),
                        ),
                        0..0,
                    ),
                ),
            ],
            ret: (
                Circuit {
                    n: (
                        Var(
                            "n",
                        ),
                        0..0,
                    ),
                    m: (
                        Var(
                            "n",
                        ),
                        0..0,
                    ),
                    d: (
                        Mul(
                            (
                                Var(
                                    "p",
                                ),
                                0..0,
                            ),
                            (
                                Add(
                                    (
                                        Mul(
                                            (
                                                Var(
                                                    "n",
                                                ),
                                                0..0,
                                            ),
                                            (
                                                Var(
                                                    "n",
                                                ),
                                                0..0,
                                            ),
                                        ),
                                        0..0,
                                    ),
                                    (
                                        Lit(
                                            1,
                                        ),
                                        0..0,
                                    ),
                                ),
                                0..0,
                            ),
                        ),
                        0..0,
                    ),
                    c: Universal,
                },
                0..0,
            ),
            body: (
                App(
                    (
                        App(
                            (
                                App(
                                    (
                                        Var(
                                            "fold",
                                        ),
                                        0..0,
                                    ),
                                    (
                                        App(
                                            (
                                                App(
                                                    (
                                                        Var(
                                                            "take",
                                                        ),
                                                        0..0,
                                                    ),
                                                    (
                                                        Var(
                                                            "params",
                                                        ),
                                                        0..0,
                                                    ),
                                                ),
                                                0..0,
                                            ),
                                            (
                                                Var(
                                                    "p",
                                                ),
                                                0..0,
                                            ),
                                        ),
                                        0..0,
                                    ),
                                ),
                                0..0,
                            ),
                            (
                                App(
                                    (
                                        Var(
                                            "identity",
                                        ),
                                        0..0,
                                    ),
                                    (
                                        Var(
                                            "n",
                                        ),
                                        0..0,
                                    ),
                                ),
                                0..0,
                            ),
                        ),
                        0..0,
                    ),
                    (
                        Lam {
                            params: [
                                (
                                    (
                                        Var(
                                            "acc",
                                        ),
                                        0..0,
                                    ),
                                    None,
                                ),
                                (
                                    (
                                        Tuple(
                                            [
                                                (
                                                    Var(
                                                        "gamma",
                                                    ),
                                                    0..0,
                                                ),
                                                (
                                                    Var(
                                                        "beta",
                                                    ),
                                                    0..0,
                                                ),
                                            ],
                                        ),
                                        0..0,
                                    ),
                                    None,
                                ),
                            ],
                            body: (
                                Compose(
                                    (
                                        Var(
                                            "acc",
                                        ),
                                        0..0,
                                    ),
                                    (
                                        App(
                                            (
                                                App(
                                                    (
                                                        App(
                                                            (
                                                                App(
                                                                    (
                                                                        Var(
                                                                            "qaoa_layer",
                                                                        ),
                                                                        0..0,
                                                                    ),
                                                                    (
                                                                        Var(
                                                                            "n",
                                                                        ),
                                                                        0..0,
                                                                    ),
                                                                ),
                                                                0..0,
                                                            ),
                                                            (
                                                                Var(
                                                                    "gamma",
                                                                ),
                                                                0..0,
                                                            ),
                                                        ),
                                                        0..0,
                                                    ),
                                                    (
                                                        Var(
                                                            "beta",
                                                        ),
                                                        0..0,
                                                    ),
                                                ),
                                                0..0,
                                            ),
                                            (
                                                Var(
                                                    "q",
                                                ),
                                                0..0,
                                            ),
                                        ),
                                        0..0,
                                    ),
                                ),
                                0..0,
                            ),
                        },
                        0..0,
                    ),
                ),
                0..0,
            ),
        },
        0..0,
    ),
    (
        Fn {
            name: "qaoa_shot",
            params: [
                (
                    "n",
                    (
                        Nat,
                        0..0,
                    ),
                ),
                (
                    "p",
                    (
                        Int,
                        0..0,
                    ),
                ),
                (
                    "params",
                    (
                        List(
                            (
                                Tuple(
                                    [
                                        (
                                            Float,
                                            0..0,
                                        ),
                                        (
                                            Float,
                                            0..0,
                                        ),
                                    ],
                                ),
                                0..0,
                            ),
                        ),
                        0..0,
                    ),
                ),
                (
                    "q",
                    (
                        Matrix(
                            (
                                Var(
                                    "n",
                                ),
                                0..0,
                            ),
                            (
                                Var(
                                    "n",
                                ),
                                0..0,
                            ),
                            (
                                Float,
                                0..0,
                            ),
                        ),
                        0..0,
                    ),
                ),
            ],
            ret: (
                Q(
                    (
                        List(
                            (
                                Bit,
                                0..0,
                            ),
                        ),
                        0..0,
                    ),
                ),
                0..0,
            ),
            body: (
                RunBlock(
                    [
                        (
                            Let {
                                pat: (
                                    Var(
                                        "circ",
                                    ),
                                    0..0,
                                ),
                                rhs: (
                                    Compose(
                                        (
                                            App(
                                                (
                                                    Var(
                                                        "hadamard_all",
                                                    ),
                                                    0..0,
                                                ),
                                                (
                                                    Var(
                                                        "n",
                                                    ),
                                                    0..0,
                                                ),
                                            ),
                                            0..0,
                                        ),
                                        (
                                            App(
                                                (
                                                    App(
                                                        (
                                                            App(
                                                                (
                                                                    App(
                                                                        (
                                                                            Var(
                                                                                "qaoa_circuit",
                                                                            ),
                                                                            0..0,
                                                                        ),
                                                                        (
                                                                            Var(
                                                                                "n",
                                                                            ),
                                                                            0..0,
                                                                        ),
                                                                    ),
                                                                    0..0,
                                                                ),
                                                                (
                                                                    Var(
                                                                        "p",
                                                                    ),
                                                                    0..0,
                                                                ),
                                                            ),
                                                            0..0,
                                                        ),
                                                        (
                                                            Var(
                                                                "params",
                                                            ),
                                                            0..0,
                                                        ),
                                                    ),
                                                    0..0,
                                                ),
                                                (
                                                    Var(
                                                        "q",
                                                    ),
                                                    0..0,
                                                ),
                                            ),
                                            0..0,
                                        ),
                                    ),
                                    0..0,
                                ),
                            },
                            0..0,
                        ),
                        (
                            Bind {
                                pat: (
                                    Var(
                                        "reg",
                                    ),
                                    0..0,
                                ),
                                rhs: (
                                    GateApp {
                                        gate: (
                                            Var(
                                                "circ",
                                            ),
                                            0..0,
                                        ),
                                        qubits: (
                                            App(
                                                (
                                                    Var(
                                                        "qreg",
                                                    ),
                                                    0..0,
                                                ),
                                                (
                                                    Var(
                                                        "n",
                                                    ),
                                                    0..0,
                                                ),
                                            ),
                                            0..0,
                                        ),
                                    },
                                    0..0,
                                ),
                            },
                            0..0,
                        ),
                        (
                            Expr(
                                (
                                    App(
                                        (
                                            Var(
                                                "measure_all",
                                            ),
                                            0..0,
                                        ),
                                        (
                                            Var(
                                                "reg",
                                            ),
                                            0..0,
                                        ),
                                    ),
                                    0..0,
                                ),
                            ),
                            0..0,
                        ),
                    ],
                ),
                0..0,
            ),
        },
        0..0,
    ),
]
