---
source: frontend/tests/reference_algorithms.rs
expression: decls
---
[
    (
        Fn {
            name: "encode",
            params: [],
            ret: (
                Circuit {
                    n: (
                        Lit(
                            1,
                        ),
                        0..0,
                    ),
                    m: (
                        Lit(
                            3,
                        ),
                        0..0,
                    ),
                    d: (
                        Lit(
                            2,
                        ),
                        0..0,
                    ),
                    c: Clifford,
                },
                0..0,
            ),
            body: (
                CircuitBlock(
                    [
                        (
                            Expr(
                                (
                                    Compose(
                                        (
                                            GateApp {
                                                gate: (
                                                    Var(
                                                        "CNOT",
                                                    ),
                                                    0..0,
                                                ),
                                                qubits: (
                                                    Tuple(
                                                        [
                                                            (
                                                                Int(
                                                                    0,
                                                                ),
                                                                0..0,
                                                            ),
                                                            (
                                                                Int(
                                                                    1,
                                                                ),
                                                                0..0,
                                                            ),
                                                        ],
                                                    ),
                                                    0..0,
                                                ),
                                            },
                                            0..0,
                                        ),
                                        (
                                            GateApp {
                                                gate: (
                                                    Var(
                                                        "CNOT",
                                                    ),
                                                    0..0,
                                                ),
                                                qubits: (
                                                    Tuple(
                                                        [
                                                            (
                                                                Int(
                                                                    0,
                                                                ),
                                                                0..0,
                                                            ),
                                                            (
                                                                Int(
                                                                    2,
                                                                ),
                                                                0..0,
                                                            ),
                                                        ],
                                                    ),
                                                    0..0,
                                                ),
                                            },
                                            0..0,
                                        ),
                                    ),
                                    0..0,
                                ),
                            ),
                            0..0,
                        ),
                    ],
                ),
                0..0,
            ),
        },
        0..0,
    ),
    (
        Fn {
            name: "syndrome_measure",
            params: [
                (
                    "q",
                    (
                        QReg(
                            (
                                Lit(
                                    3,
                                ),
                                0..0,
                            ),
                        ),
                        0..0,
                    ),
                ),
            ],
            ret: (
                Q(
                    (
                        Tuple(
                            [
                                (
                                    QReg(
                                        (
                                            Lit(
                                                3,
                                            ),
                                            0..0,
                                        ),
                                    ),
                                    0..0,
                                ),
                                (
                                    Bit,
                                    0..0,
                                ),
                                (
                                    Bit,
                                    0..0,
                                ),
                            ],
                        ),
                        0..0,
                    ),
                ),
                0..0,
            ),
            body: (
                RunBlock(
                    [
                        (
                            Let {
                                pat: (
                                    Tuple(
                                        [
                                            (
                                                Var(
                                                    "q0",
                                                ),
                                                0..0,
                                            ),
                                            (
                                                Var(
                                                    "q1",
                                                ),
                                                0..0,
                                            ),
                                            (
                                                Var(
                                                    "q2",
                                                ),
                                                0..0,
                                            ),
                                        ],
                                    ),
                                    0..0,
                                ),
                                rhs: (
                                    App(
                                        (
                                            Var(
                                                "destructure",
                                            ),
                                            0..0,
                                        ),
                                        (
                                            Var(
                                                "q",
                                            ),
                                            0..0,
                                        ),
                                    ),
                                    0..0,
                                ),
                            },
                            0..0,
                        ),
                        (
                            Expr(
                                (
                                    Borrow {
                                        bindings: [
                                            (
                                                "a1",
                                                (
                                                    Qubit,
                                                    0..0,
                                                ),
                                            ),
                                            (
                                                "a2",
                                                (
                                                    Qubit,
                                                    0..0,
                                                ),
                                            ),
                                        ],
                                        body: [
                                            (
                                                Bind {
                                                    pat: (
                                                        Tuple(
                                                            [
                                                                (
                                                                    Var(
                                                                        "q0a",
                                                                    ),
                                                                    0..0,
                                                                ),
                                                                (
                                                                    Var(
                                                                        "a1b",
                                                                    ),
                                                                    0..0,
                                                                ),
                                                            ],
                                                        ),
                                                        0..0,
                                                    ),
                                                    rhs: (
                                                        GateApp {
                                                            gate: (
                                                                Compose(
                                                                    (
                                                                        GateApp {
                                                                            gate: (
                                                                                Var(
                                                                                    "CNOT",
                                                                                ),
                                                                                0..0,
                                                                            ),
                                                                            qubits: (
                                                                                Tuple(
                                                                                    [
                                                                                        (
                                                                                            Int(
                                                                                                0,
                                                                                            ),
                                                                                            0..0,
                                                                                        ),
                                                                                        (
                                                                                            Int(
                                                                                                0,
                                                                                            ),
                                                                                            0..0,
                                                                                        ),
                                                                                    ],
                                                                                ),
                                                                                0..0,
                                                                            ),
                                                                        },
                                                                        0..0,
                                                                    ),
                                                                    (
                                                                        GateApp {
                                                                            gate: (
                                                                                Var(
                                                                                    "CNOT",
                                                                                ),
                                                                                0..0,
                                                                            ),
                                                                            qubits: (
                                                                                Tuple(
                                                                                    [
                                                                                        (
                                                                                            Int(
                                                                                                1,
                                                                                            ),
                                                                                            0..0,
                                                                                        ),
                                                                                        (
                                                                                            Int(
                                                                                                0,
                                                                                            ),
                                                                                            0..0,
                                                                                        ),
                                                                                    ],
                                                                                ),
                                                                                0..0,
                                                                            ),
                                                                        },
                                                                        0..0,
                                                                    ),
                                                                ),
                                                                0..0,
                                                            ),
                                                            qubits: (
                                                                App(
                                                                    (
                                                                        App(
                                                                            (
                                                                                Var(
                                                                                    "tensored",
                                                                                ),
                                                                                0..0,
                                                                            ),
                                                                            (
                                                                                Var(
                                                                                    "q0",
                                                                                ),
                                                                                0..0,
                                                                            ),
                                                                        ),
                                                                        0..0,
                                                                    ),
                                                                    (
                                                                        Var(
                                                                            "a1",
                                                                        ),
                                                                        0..0,
                                                                    ),
                                                                ),
                                                                0..0,
                                                            ),
                                                        },
                                                        0..0,
                                                    ),
                                                },
                                                0..0,
                                            ),
                                            (
                                                Bind {
                                                    pat: (
                                                        Tuple(
                                                            [
                                                                (
                                                                    Var(
                                                                        "q1a",
                                                                    ),
                                                                    0..0,
                                                                ),
                                                                (
                                                                    Var(
                                                                        "a2b",
                                                                    ),
                                                                    0..0,
                                                                ),
                                                            ],
                                                        ),
                                                        0..0,
                                                    ),
                                                    rhs: (
                                                        GateApp {
                                                            gate: (
                                                                Compose(
                                                                    (
                                                                        GateApp {
                                                                            gate: (
                                                                                Var(
                                                                                    "CNOT",
                                                                                ),
                                                                                0..0,
                                                                            ),
                                                                            qubits: (
                                                                                Tuple(
                                                                                    [
                                                                                        (
                                                                                            Int(
                                                                                                1,
                                                                                            ),
                                                                                            0..0,
                                                                                        ),
                                                                                        (
                                                                                            Int(
                                                                                                0,
                                                                                            ),
                                                                                            0..0,
                                                                                        ),
                                                                                    ],
                                                                                ),
                                                                                0..0,
                                                                            ),
                                                                        },
                                                                        0..0,
                                                                    ),
                                                                    (
                                                                        GateApp {
                                                                            gate: (
                                                                                Var(
                                                                                    "CNOT",
                                                                                ),
                                                                                0..0,
                                                                            ),
                                                                            qubits: (
                                                                                Tuple(
                                                                                    [
                                                                                        (
                                                                                            Int(
                                                                                                2,
                                                                                            ),
                                                                                            0..0,
                                                                                        ),
                                                                                        (
                                                                                            Int(
                                                                                                0,
                                                                                            ),
                                                                                            0..0,
                                                                                        ),
                                                                                    ],
                                                                                ),
                                                                                0..0,
                                                                            ),
                                                                        },
                                                                        0..0,
                                                                    ),
                                                                ),
                                                                0..0,
                                                            ),
                                                            qubits: (
                                                                App(
                                                                    (
                                                                        App(
                                                                            (
                                                                                Var(
                                                                                    "tensored",
                                                                                ),
                                                                                0..0,
                                                                            ),
                                                                            (
                                                                                Var(
                                                                                    "q1",
                                                                                ),
                                                                                0..0,
                                                                            ),
                                                                        ),
                                                                        0..0,
                                                                    ),
                                                                    (
                                                                        Var(
                                                                            "a2",
                                                                        ),
                                                                        0..0,
                                                                    ),
                                                                ),
                                                                0..0,
                                                            ),
                                                        },
                                                        0..0,
                                                    ),
                                                },
                                                0..0,
                                            ),
                                            (
                                                Bind {
                                                    pat: (
                                                        Var(
                                                            "s1",
                                                        ),
                                                        0..0,
                                                    ),
                                                    rhs: (
                                                        App(
                                                            (
                                                                Var(
                                                                    "measure",
                                                                ),
                                                                0..0,
                                                            ),
                                                            (
                                                                Var(
                                                                    "a1b",
                                                                ),
                                                                0..0,
                                                            ),
                                                        ),
                                                        0..0,
                                                    ),
                                                },
                                                0..0,
                                            ),
                                            (
                                                Bind {
                                                    pat: (
                                                        Var(
                                                            "s2",
                                                        ),
                                                        0..0,
                                                    ),
                                                    rhs: (
                                                        App(
                                                            (
                                                                Var(
                                                                    "measure",
                                                                ),
                                                                0..0,
                                                            ),
                                                            (
                                                                Var(
                                                                    "a2b",
                                                                ),
                                                                0..0,
                                                            ),
                                                        ),
                                                        0..0,
                                                    ),
                                                },
                                                0..0,
                                            ),
                                            (
                                                Expr(
                                                    (
                                                        Return(
                                                            (
                                                                Tuple(
                                                                    [
                                                                        (
                                                                            App(
                                                                                (
                                                                                    App(
                                                                                        (
                                                                                            Var(
                                                                                                "tensored",
                                                                                            ),
                                                                                            0..0,
                                                                                        ),
                                                                                        (
                                                                                            App(
                                                                                                (
                                                                                                    App(
                                                                                                        (
                                                                                                            Var(
                                                                                                                "tensored",
                                                                                                            ),
                                                                                                            0..0,
                                                                                                        ),
                                                                                                        (
                                                                                                            Var(
                                                                                                                "q0a",
                                                                                                            ),
                                                                                                            0..0,
                                                                                                        ),
                                                                                                    ),
                                                                                                    0..0,
                                                                                                ),
                                                                                                (
                                                                                                    Var(
                                                                                                        "q1a",
                                                                                                    ),
                                                                                                    0..0,
                                                                                                ),
                                                                                            ),
                                                                                            0..0,
                                                                                        ),
                                                                                    ),
                                                                                    0..0,
                                                                                ),
                                                                                (
                                                                                    Var(
                                                                                        "q2",
                                                                                    ),
                                                                                    0..0,
                                                                                ),
                                                                            ),
                                                                            0..0,
                                                                        ),
                                                                        (
                                                                            Var(
                                                                                "s1",
                                                                            ),
                                                                            0..0,
                                                                        ),
                                                                        (
                                                                            Var(
                                                                                "s2",
                                                                            ),
                                                                            0..0,
                                                                        ),
                                                                    ],
                                                                ),
                                                                0..0,
                                                            ),
                                                        ),
                                                        0..0,
                                                    ),
                                                ),
                                                0..0,
                                            ),
                                        ],
                                    },
                                    0..0,
                                ),
                            ),
                            0..0,
                        ),
                    ],
                ),
                0..0,
            ),
        },
        0..0,
    ),
    (
        Fn {
            name: "correct",
            params: [
                (
                    "q",
                    (
                        QReg(
                            (
                                Lit(
                                    3,
                                ),
                                0..0,
                            ),
                        ),
                        0..0,
                    ),
                ),
                (
                    "s1",
                    (
                        Bit,
                        0..0,
                    ),
                ),
                (
                    "s2",
                    (
                        Bit,
                        0..0,
                    ),
                ),
            ],
            ret: (
                Q(
                    (
                        QReg(
                            (
                                Lit(
                                    3,
                                ),
                                0..0,
                            ),
                        ),
                        0..0,
                    ),
                ),
                0..0,
            ),
            body: (
                RunBlock(
                    [
                        (
                            Expr(
                                (
                                    Return(
                                        (
                                            Match {
                                                scrutinee: (
                                                    Tuple(
                                                        [
                                                            (
                                                                Var(
                                                                    "s1",
                                                                ),
                                                                0..0,
                                                            ),
                                                            (
                                                                Var(
                                                                    "s2",
                                                                ),
                                                                0..0,
                                                            ),
                                                        ],
                                                    ),
                                                    0..0,
                                                ),
                                                arms: [
                                                    (
                                                        (
                                                            Tuple(
                                                                [
                                                                    (
                                                                        Lit(
                                                                            Int(
                                                                                0,
                                                                            ),
                                                                        ),
                                                                        0..0,
                                                                    ),
                                                                    (
                                                                        Lit(
                                                                            Int(
                                                                                0,
                                                                            ),
                                                                        ),
                                                                        0..0,
                                                                    ),
                                                                ],
                                                            ),
                                                            0..0,
                                                        ),
                                                        (
                                                            Var(
                                                                "q",
                                                            ),
                                                            0..0,
                                                        ),
                                                    ),
                                                    (
                                                        (
                                                            Tuple(
                                                                [
                                                                    (
                                                                        Lit(
                                                                            Int(
                                                                                1,
                                                                            ),
                                                                        ),
                                                                        0..0,
                                                                    ),
                                                                    (
                                                                        Lit(
                                                                            Int(
                                                                                0,
                                                                            ),
                                                                        ),
                                                                        0..0,
                                                                    ),
                                                                ],
                                                            ),
                                                            0..0,
                                                        ),
                                                        (
                                                            GateApp {
                                                                gate: (
                                                                    GateApp {
                                                                        gate: (
                                                                            Var(
                                                                                "X",
                                                                            ),
                                                                            0..0,
                                                                        ),
                                                                        qubits: (
                                                                            Int(
                                                                                0,
                                                                            ),
                                                                            0..0,
                                                                        ),
                                                                    },
                                                                    0..0,
                                                                ),
                                                                qubits: (
                                                                    Var(
                                                                        "q",
                                                                    ),
                                                                    0..0,
                                                                ),
                                                            },
                                                            0..0,
                                                        ),
                                                    ),
                                                    (
                                                        (
                                                            Tuple(
                                                                [
                                                                    (
                                                                        Lit(
                                                                            Int(
                                                                                1,
                                                                            ),
                                                                        ),
                                                                        0..0,
                                                                    ),
                                                                    (
                                                                        Lit(
                                                                            Int(
                                                                                1,
                                                                            ),
                                                                        ),
                                                                        0..0,
                                                                    ),
                                                                ],
                                                            ),
                                                            0..0,
                                                        ),
                                                        (
                                                            GateApp {
                                                                gate: (
                                                                    GateApp {
                                                                        gate: (
                                                                            Var(
                                                                                "X",
                                                                            ),
                                                                            0..0,
                                                                        ),
                                                                        qubits: (
                                                                            Int(
                                                                                1,
                                                                            ),
                                                                            0..0,
                                                                        ),
                                                                    },
                                                                    0..0,
                                                                ),
                                                                qubits: (
                                                                    Var(
                                                                        "q",
                                                                    ),
                                                                    0..0,
                                                                ),
                                                            },
                                                            0..0,
                                                        ),
                                                    ),
                                                    (
                                                        (
                                                            Tuple(
                                                                [
                                                                    (
                                                                        Lit(
                                                                            Int(
                                                                                0,
                                                                            ),
                                                                        ),
                                                                        0..0,
                                                                    ),
                                                                    (
                                                                        Lit(
                                                                            Int(
                                                                                1,
                                                                            ),
                                                                        ),
                                                                        0..0,
                                                                    ),
                                                                ],
                                                            ),
                                                            0..0,
                                                        ),
                                                        (
                                                            GateApp {
                                                                gate: (
                                                                    GateApp {
                                                                        gate: (
                                                                            Var(
                                                                                "X",
                                                                            ),
                                                                            0..0,
                                                                        ),
                                                                        qubits: (
                                                                            Int(
                                                                                2,
                                                                            ),
                                                                            0..0,
                                                                        ),
                                                                    },
                                                                    0..0,
                                                                ),
                                                                qubits: (
                                                                    Var(
                                                                        "q",
                                                                    ),
                                                                    0..0,
                                                                ),
                                                            },
                                                            0..0,
                                                        ),
                                                    ),
                                                ],
                                            },
                                            0..0,
                                        ),
                                    ),
                                    0..0,
                                ),
                            ),
                            0..0,
                        ),
                    ],
                ),
                0..0,
            ),
        },
        0..0,
    ),
    (
        Fn {
            name: "bit_flip_round",
            params: [
                (
                    "logical",
                    (
                        Qubit,
                        0..0,
                    ),
                ),
            ],
            ret: (
                Q(
                    (
                        Qubit,
                        0..0,
                    ),
                ),
                0..0,
            ),
            body: (
                RunBlock(
                    [
                        (
                            Bind {
                                pat: (
                                    Var(
                                        "encoded",
                                    ),
                                    0..0,
                                ),
                                rhs: (
                                    GateApp {
                                        gate: (
                                            App(
                                                (
                                                    Var(
                                                        "encode",
                                                    ),
                                                    0..0,
                                                ),
                                                (
                                                    Unit,
                                                    0..0,
                                                ),
                                            ),
                                            0..0,
                                        ),
                                        qubits: (
                                            Var(
                                                "logical",
                                            ),
                                            0..0,
                                        ),
                                    },
                                    0..0,
                                ),
                            },
                            0..0,
                        ),
                        (
                            Bind {
                                pat: (
                                    Tuple(
                                        [
                                            (
                                                Var(
                                                    "data",
                                                ),
                                                0..0,
                                            ),
                                            (
                                                Var(
                                                    "s1",
                                                ),
                                                0..0,
                                            ),
                                            (
                                                Var(
                                                    "s2",
                                                ),
                                                0..0,
                                            ),
                                        ],
                                    ),
                                    0..0,
                                ),
                                rhs: (
                                    App(
                                        (
                                            Var(
                                                "syndrome_measure",
                                            ),
                                            0..0,
                                        ),
                                        (
                                            Var(
                                                "encoded",
                                            ),
                                            0..0,
                                        ),
                                    ),
                                    0..0,
                                ),
                            },
                            0..0,
                        ),
                        (
                            Bind {
                                pat: (
                                    Var(
                                        "corrected",
                                    ),
                                    0..0,
                                ),
                                rhs: (
                                    App(
                                        (
                                            App(
                                                (
                                                    App(
                                                        (
                                                            Var(
                                                                "correct",
                                                            ),
                                                            0..0,
                                                        ),
                                                        (
                                                            Var(
                                                                "data",
                                                            ),
                                                            0..0,
                                                        ),
                                                    ),
                                                    0..0,
                                                ),
                                                (
                                                    Var(
                                                        "s1",
                                                    ),
                                                    0..0,
                                                ),
                                            ),
                                            0..0,
                                        ),
                                        (
                                            Var(
                                                "s2",
                                            ),
                                            0..0,
                                        ),
                                    ),
                                    0..0,
                                ),
                            },
                            0..0,
                        ),
                        (
                            Bind {
                                pat: (
                                    Var(
                                        "decoded",
                                    ),
                                    0..0,
                                ),
                                rhs: (
                                    GateApp {
                                        gate: (
                                            Adjoint(
                                                (
                                                    App(
                                                        (
                                                            Var(
                                                                "encode",
                                                            ),
                                                            0..0,
                                                        ),
                                                        (
                                                            Unit,
                                                            0..0,
                                                        ),
                                                    ),
                                                    0..0,
                                                ),
                                            ),
                                            0..0,
                                        ),
                                        qubits: (
                                            Var(
                                                "corrected",
                                            ),
                                            0..0,
                                        ),
                                    },
                                    0..0,
                                ),
                            },
                            0..0,
                        ),
                        (
                            Let {
                                pat: (
                                    Tuple(
                                        [
                                            (
                                                Var(
                                                    "out",
                                                ),
                                                0..0,
                                            ),
                                            (
                                                Var(
                                                    "_rest",
                                                ),
                                                0..0,
                                            ),
                                        ],
                                    ),
                                    0..0,
                                ),
                                rhs: (
                                    App(
                                        (
                                            App(
                                                (
                                                    Var(
                                                        "split",
                                                    ),
                                                    0..0,
                                                ),
                                                (
                                                    Int(
                                                        1,
                                                    ),
                                                    0..0,
                                                ),
                                            ),
                                            0..0,
                                        ),
                                        (
                                            Var(
                                                "decoded",
                                            ),
                                            0..0,
                                        ),
                                    ),
                                    0..0,
                                ),
                            },
                            0..0,
                        ),
                        (
                            Expr(
                                (
                                    Return(
                                        (
                                            Var(
                                                "out",
                                            ),
                                            0..0,
                                        ),
                                    ),
                                    0..0,
                                ),
                            ),
                            0..0,
                        ),
                    ],
                ),
                0..0,
            ),
        },
        0..0,
    ),
]
