---
source: quonfmt/tests/golden.rs
expression: formatted
---
fn apply_hadamard(n: Nat): Circuit<n, n, 1, Clifford> = circuit {
        H @0
}

fn hadamard_all(n: Nat): Circuit<n, n, 1, Clifford> = circuit {
        (for q in (qubits n) { H q })
}

fn controlled_rotations(n: Nat): Circuit<n, n, 2 * (n - 1), Universal> = circuit {
        (for i in (range(n - 1)) { controlled(Rz(PI / 4.0)) @(0, i + 1) })
}

fn qft(n: Nat): Circuit<n, n, 2 * n * n, Universal> = match n {
0 => identity 0,
_ => apply_hadamard n
|> controlled_rotations n
|> on_high(qft(n - 1), n)
|> swap_reverse n
}

fn modmul(n: Nat, a: Int, nn: Int): Circuit<2 * n, 2 * n, 2 * n, Universal> = circuit {
        (for i in (range n) { controlled(Rz(PI / 4.0)) @(0, n + i) })
}

fn mod_exp(n: Nat, a: Int, nn: Int): Circuit<2 * n, 2 * n, 2 * n * n, Universal> = repeat(n, modmul(n, a, nn))

fn init_one(n: Nat): Circuit<n, n, 1, Clifford> = circuit {
        X @0
}

fn shor_quantum(n: Nat, a: Int, nn: Int): Q<List<Bit>> = run {
        ctrl <- hadamard_all n @ (qreg n)
        tgt  <- init_one n @ (qreg n)
        both <- mod_exp(n, a, nn) @ (tensored(ctrl, tgt))
        let (ctrl2, _) = split(n, both)
        est  <- adjoint(qft n) @ctrl2
        measure_all est
}
